// Jest Snapshot v1, https://goo.gl/fbAQLP

exports[`PlaygroundChart PlaygroundChart 1`] = `[]`;
